// Jest Snapshot v1, https://goo.gl/fbAQLP

exports[`icon test 是个svg 1`] = `
<svg
  className="fool-icon"
>
  <use
    xlinkHref="#wechat"
  />
</svg>
`;
